 Kernel

 Timestamp is 55cf61a2 (Sat Aug 15 17:58:26 2015)

 Preferred load address is 00100000

 Start         Length     Name                   Class
 0001:00000000 000006ccH .text$mn                CODE
 0002:00000000 00000084H .rdata                  DATA
 0002:00000084 000000c4H .rdata$zzzdbg           DATA
 0003:00000000 00000008H .data                   DATA
 0003:00000008 00000008H .bss                    DATA

  Address         Publics by Value              Rva+Base       Lib:Object

 0000:00000000       ___safe_se_handler_count   00000000     <absolute>
 0000:00000000       ___guard_fids_table        00000000     <absolute>
 0000:00000000       ___safe_se_handler_table   00000000     <absolute>
 0000:00000000       ___guard_flags             00000000     <absolute>
 0000:00000000       ___guard_fids_count        00000000     <absolute>
 0001:00000000       ?Break@Debugger@@SAXXZ     00100400 f   Debugger.obj
 0001:00000010       ?Initialize@Debugger@@SAXXZ 00100410 f   Debugger.obj
 0001:00000030       ?multiboot_entry@@YAXXZ    00100430 f   Entry.obj
 0001:00000070       ?Main@@YAXPAUMultibootInfo@@@Z 00100470 f   Main.obj
 0001:000000c0       ?Test@@YAXI@Z              001004c0 f   Main.obj
 0001:000000e0       ?Clear@Screen@@SAXXZ       001004e0 f   Screen:Screen.obj
 0001:00000140       ?Write@Screen@@SAXPBD@Z    00100540 f   Screen:Screen.obj
 0001:00000570       ?WriteLine@Screen@@SAXPBD@Z 00100970 f   Screen:Screen.obj
 0001:00000590       ?WriteLine@Screen@@SAXXZ   00100990 f   Screen:Screen.obj
 0001:000005b0       ?IO_Read8@@YAEG@Z          001009b0 f   Screen:Screen.obj
 0001:000005d0       ?IO_Write8@@YAXGE@Z        001009d0 f   Screen:Screen.obj
 0001:000005e0       ?SetCursorPosition@@YAXXZ  001009e0 f   Screen:Screen.obj
 0001:00000650       ?GetCursorPosition@@YAXXZ  00100a50 f   Screen:Screen.obj
 0003:00000000       ?cursorY@@3GA              00101000     Screen:Screen.obj
 0003:00000004       ?screen@@3PATScreenCharacter@@A 00101004     Screen:Screen.obj
 0003:00000008       ?attached@Debugger@@0_NA   00101008     Debugger.obj
 0003:0000000c       ?cursorX@@3GA              0010100c     Screen:Screen.obj
 0003:0000000e       ?lastCharacter@@3DA        0010100e     Screen:Screen.obj
 0003:0000000f       ?initialized@@3_NA         0010100f     Screen:Screen.obj

 entry point at        0000:00000000

 Static symbols

 0001:000004f0       $LN58                      001008f0     Screen:Screen.obj
 0001:00000528       $LN55                      00100928     Screen:Screen.obj
 0001:00000548       $LN59                      00100948     Screen:Screen.obj
 0001:00000560       $LN56                      00100960     Screen:Screen.obj
 0002:00000000       $SG2729                    00100c00     Main.obj
 0002:0000000c       $SG2737                    00100c0c     Main.obj
 0002:0000001c       $SG2802                    00100c1c     Screen:Screen.obj
 0002:00000020       $SG2811                    00100c20     Screen:Screen.obj
